Microsoft Windows [Version 10.0.15063]
(c) 2017 Microsoft Corporation. All rights reserved.

C:\Users\Saifio>git info
git: 'info' is not a git command. See 'git --help'.

Did you mean one of these?
        init
        mailinfo

C:\Users\Saifio>git --version
git version 2.13.0.windows.1

C:\Users\Saifio>cd Desktop

C:\Users\Saifio\Desktop>cd work_ahmid

C:\Users\Saifio\Desktop\work_ahmid>git init
Initialized empty Git repository in C:/Users/Saifio/Desktop/work_ahmid/.git/

C:\Users\Saifio\Desktop\work_ahmid>git status
On branch master

Initial commit

Untracked files:
  (use "git add <file>..." to include in what will be committed)

        index.html
        node_modules/
        package-lock.json
        package.json
        working.html

nothing added to commit but untracked files present (use "git add" to track)

C:\Users\Saifio\Desktop\work_ahmid>git add index.html,working.html
fatal: pathspec 'index.html,working.html' did not match any files

C:\Users\Saifio\Desktop\work_ahmid>git add index.html

C:\Users\Saifio\Desktop\work_ahmid>git status
On branch master

Initial commit

Changes to be committed:
  (use "git rm --cached <file>..." to unstage)

        new file:   index.html

Untracked files:
  (use "git add <file>..." to include in what will be committed)

        node_modules/
        package-lock.json
        package.json
        working.html


C:\Users\Saifio\Desktop\work_ahmid>